// Jest Snapshot v1, https://goo.gl/fbAQLP

exports[`Documentation Page Component matches snapshot 1`] = `
<div
  className="contentBlock"
>
  <section
    className="headingBlock"
  >
    <div
      className="container"
    >
      <div
        className="wrapper"
      >
        <h1
          className="tag"
        >
          Developer Documentation
        </h1>
      </div>
    </div>
    <article>
      <p>
        Documentation is also provided in the 
        <a
          href="https://github.com/chichiwang/tamsui"
          rel="noreferrer"
          target="_blank"
        >
          Github repository
        </a>
         in the README file 
        <a
          href="https://github.com/chichiwang/tamsui/blob/main/docs/README.md"
          rel="noreferrer"
          target="_blank"
        >
          /docs/README.md
        </a>
        .
      </p>
    </article>
  </section>
  <section
    className="headingBlock"
  >
    <div
      className="container"
    >
      <div
        className="wrapper"
      >
        <h2
          className="tag"
        >
          Contents
        </h2>
      </div>
    </div>
    <article>
      <ul
        className="contentList"
      >
        <li>
          <a
            href="#Starting-a-Project"
          >
            Starting a Project
          </a>
        </li>
        <li>
          <a
            href="#NPM-Scripts"
          >
            NPM Scripts
          </a>
        </li>
      </ul>
    </article>
  </section>
  <section
    className="headingBlock"
  >
    <div
      className="container"
      onMouseEnter={[Function]}
      onMouseLeave={[Function]}
    >
      <div
        className="wrapper"
      >
        <h2
          className="tag"
          id="Starting-a-Project"
        >
          Starting a Project
        </h2>
        <a
          aria-labelledby="Starting-a-Project"
          className="link"
          href="#Starting-a-Project"
        >
          <svg
            height="1.75rem"
            viewBox="0 0 24 24"
            width="1.75rem"
            xmlns="http://www.w3.org/2000/svg"
          >
            <g
              fill="none"
              stroke="currentColor"
              strokeLinecap="round"
              strokeLinejoin="round"
              strokeWidth={2.5}
            >
              <path
                d="M14 11.998C14 9.506 11.683 7 8.857 7H7.143C4.303 7 2 9.238 2 11.998c0 2.378 1.71 4.368 4 4.873a5.3 5.3 0 0 0 1.143.124"
              />
              <path
                d="M10 11.998c0 2.491 2.317 4.997 5.143 4.997h1.714c2.84 0 5.143-2.237 5.143-4.997c0-2.379-1.71-4.37-4-4.874A5.3 5.3 0 0 0 16.857 7"
              />
            </g>
          </svg>
        </a>
      </div>
    </div>
    <article>
      <div
        className="checklistItem"
      >
        <label>
          <input
            checked={false}
            className="checkboxInput"
            onChange={[Function]}
            type="checkbox"
          />
          <div
            className="checkboxContainer"
          >
            <div
              className="checkbox"
            >
              <div
                className="top"
              >
                <div
                  className="back"
                />
                <div
                  className="front"
                />
              </div>
              <div
                className="bottom"
              >
                <div
                  className="back"
                />
                <div
                  className="front"
                />
              </div>
            </div>
          </div>
          <span
            className="labelContent"
          >
            Clone the 
            <a
              href="https://github.com/chichiwang/tamsui"
              rel="noreferrer"
              target="_blank"
            >
              repository
            </a>
            .
          </span>
        </label>
      </div>
      <div
        className="checklistItem"
      >
        <label>
          <input
            checked={false}
            className="checkboxInput"
            onChange={[Function]}
            type="checkbox"
          />
          <div
            className="checkboxContainer"
          >
            <div
              className="checkbox"
            >
              <div
                className="top"
              >
                <div
                  className="back"
                />
                <div
                  className="front"
                />
              </div>
              <div
                className="bottom"
              >
                <div
                  className="back"
                />
                <div
                  className="front"
                />
              </div>
            </div>
          </div>
          <span
            className="labelContent"
          >
            Rename the project directory.
          </span>
        </label>
      </div>
      <div
        className="checklistItem"
      >
        <label>
          <input
            checked={false}
            className="checkboxInput"
            onChange={[Function]}
            type="checkbox"
          />
          <div
            className="checkboxContainer"
          >
            <div
              className="checkbox"
            >
              <div
                className="top"
              >
                <div
                  className="back"
                />
                <div
                  className="front"
                />
              </div>
              <div
                className="bottom"
              >
                <div
                  className="back"
                />
                <div
                  className="front"
                />
              </div>
            </div>
          </div>
          <span
            className="labelContent"
          >
            Update the 
            <span
              className="highlight"
            >
              package.json
            </span>
             file.
          </span>
        </label>
      </div>
      <div
        className="checklistItem indent checklist"
      >
        <label>
          <input
            checked={false}
            className="checkboxInput"
            onChange={[Function]}
            type="checkbox"
          />
          <div
            className="checkboxContainer"
          >
            <div
              className="checkbox"
            >
              <div
                className="top"
              >
                <div
                  className="back"
                />
                <div
                  className="front"
                />
              </div>
              <div
                className="bottom"
              >
                <div
                  className="back"
                />
                <div
                  className="front"
                />
              </div>
            </div>
          </div>
          <span
            className="labelContent"
          >
            Update the 
            <span
              className="highlight"
            >
              name
            </span>
             field.
          </span>
        </label>
      </div>
      <div
        className="checklistItem indent checklist"
      >
        <label>
          <input
            checked={false}
            className="checkboxInput"
            onChange={[Function]}
            type="checkbox"
          />
          <div
            className="checkboxContainer"
          >
            <div
              className="checkbox"
            >
              <div
                className="top"
              >
                <div
                  className="back"
                />
                <div
                  className="front"
                />
              </div>
              <div
                className="bottom"
              >
                <div
                  className="back"
                />
                <div
                  className="front"
                />
              </div>
            </div>
          </div>
          <span
            className="labelContent"
          >
            Update the 
            <span
              className="highlight"
            >
              repository/url
            </span>
             field.
          </span>
        </label>
      </div>
      <div
        className="checklistItem indent checklist"
      >
        <label>
          <input
            checked={false}
            className="checkboxInput"
            onChange={[Function]}
            type="checkbox"
          />
          <div
            className="checkboxContainer"
          >
            <div
              className="checkbox"
            >
              <div
                className="top"
              >
                <div
                  className="back"
                />
                <div
                  className="front"
                />
              </div>
              <div
                className="bottom"
              >
                <div
                  className="back"
                />
                <div
                  className="front"
                />
              </div>
            </div>
          </div>
          <span
            className="labelContent"
          >
            Update the 
            <span
              className="highlight"
            >
              bugs/url
            </span>
             field.
          </span>
        </label>
      </div>
      <div
        className="checklistItem indent checklist"
      >
        <label>
          <input
            checked={false}
            className="checkboxInput"
            onChange={[Function]}
            type="checkbox"
          />
          <div
            className="checkboxContainer"
          >
            <div
              className="checkbox"
            >
              <div
                className="top"
              >
                <div
                  className="back"
                />
                <div
                  className="front"
                />
              </div>
              <div
                className="bottom"
              >
                <div
                  className="back"
                />
                <div
                  className="front"
                />
              </div>
            </div>
          </div>
          <span
            className="labelContent"
          >
            Update the 
            <span
              className="highlight"
            >
              homepage
            </span>
             field.
          </span>
        </label>
      </div>
      <div
        className="checklistItem"
      >
        <label>
          <input
            checked={false}
            className="checkboxInput"
            onChange={[Function]}
            type="checkbox"
          />
          <div
            className="checkboxContainer"
          >
            <div
              className="checkbox"
            >
              <div
                className="top"
              >
                <div
                  className="back"
                />
                <div
                  className="front"
                />
              </div>
              <div
                className="bottom"
              >
                <div
                  className="back"
                />
                <div
                  className="front"
                />
              </div>
            </div>
          </div>
          <span
            className="labelContent"
          >
            <a
              href="https://docs.github.com/en/get-started/getting-started-with-git/managing-remote-repositories#changing-a-remote-repositorys-url"
              rel="noreferrer"
              target="_blank"
            >
              Reset the git remote
            </a>
             to your new project repository.
          </span>
        </label>
      </div>
      <div
        className="checklistItem"
      >
        <label>
          <input
            checked={false}
            className="checkboxInput"
            onChange={[Function]}
            type="checkbox"
          />
          <div
            className="checkboxContainer"
          >
            <div
              className="checkbox"
            >
              <div
                className="top"
              >
                <div
                  className="back"
                />
                <div
                  className="front"
                />
              </div>
              <div
                className="bottom"
              >
                <div
                  className="back"
                />
                <div
                  className="front"
                />
              </div>
            </div>
          </div>
          <span
            className="labelContent"
          >
            If using 
            <a
              href="https://github.com/nvm-sh/nvm"
              rel="noreferrer"
              target="_blank"
            >
              nvm
            </a>
            , run 
            <span
              className="highlight"
            >
              nvm use
            </span>
            .
          </span>
        </label>
      </div>
      <div
        className="checklistItem indent checklist"
      >
        <label>
          <input
            checked={false}
            className="checkboxInput"
            onChange={[Function]}
            type="checkbox"
          />
          <div
            className="checkboxContainer"
          >
            <div
              className="checkbox"
            >
              <div
                className="top"
              >
                <div
                  className="back"
                />
                <div
                  className="front"
                />
              </div>
              <div
                className="bottom"
              >
                <div
                  className="back"
                />
                <div
                  className="front"
                />
              </div>
            </div>
          </div>
          <span
            className="labelContent"
          >
            Otherwise, note the contents of 
            <span
              className="highlight"
            >
              .nvmrc
            </span>
             to see the version of 
            <a
              href="https://nodejs.org/"
              rel="noreferrer"
              target="_blank"
            >
              Node.js
            </a>
             this project is built on.
          </span>
        </label>
      </div>
      <div
        className="checklistItem"
      >
        <label>
          <input
            checked={false}
            className="checkboxInput"
            onChange={[Function]}
            type="checkbox"
          />
          <div
            className="checkboxContainer"
          >
            <div
              className="checkbox"
            >
              <div
                className="top"
              >
                <div
                  className="back"
                />
                <div
                  className="front"
                />
              </div>
              <div
                className="bottom"
              >
                <div
                  className="back"
                />
                <div
                  className="front"
                />
              </div>
            </div>
          </div>
          <span
            className="labelContent"
          >
            Run 
            <span
              className="highlight"
            >
              npm install
            </span>
            .
          </span>
        </label>
      </div>
    </article>
  </section>
  <section
    className="pageBreak headingBlock"
  >
    <div
      className="container"
      onMouseEnter={[Function]}
      onMouseLeave={[Function]}
    >
      <div
        className="wrapper"
      >
        <h2
          className="tag"
          id="NPM-Scripts"
        >
          NPM Scripts
        </h2>
        <a
          aria-labelledby="NPM-Scripts"
          className="link"
          href="#NPM-Scripts"
        >
          <svg
            height="1.75rem"
            viewBox="0 0 24 24"
            width="1.75rem"
            xmlns="http://www.w3.org/2000/svg"
          >
            <g
              fill="none"
              stroke="currentColor"
              strokeLinecap="round"
              strokeLinejoin="round"
              strokeWidth={2.5}
            >
              <path
                d="M14 11.998C14 9.506 11.683 7 8.857 7H7.143C4.303 7 2 9.238 2 11.998c0 2.378 1.71 4.368 4 4.873a5.3 5.3 0 0 0 1.143.124"
              />
              <path
                d="M10 11.998c0 2.491 2.317 4.997 5.143 4.997h1.714c2.84 0 5.143-2.237 5.143-4.997c0-2.379-1.71-4.37-4-4.874A5.3 5.3 0 0 0 16.857 7"
              />
            </g>
          </svg>
        </a>
      </div>
    </div>
    <article>
      <table
        className="scriptsList"
      >
        <thead>
          <tr>
            <th>
              Script
            </th>
            <th>
              Description
            </th>
          </tr>
        </thead>
        <tbody>
          <tr>
            <td>
              <div
                className="script"
              >
                <span
                  className="highlight"
                >
                  analyze
                </span>
                <div
                  className="copyPosition copyButton"
                >
                  <div
                    className="copyContainer"
                  >
                    <div
                      className="message"
                    >
                      <div
                        className="successMessage"
                      >
                        <span>
                          Copied!
                        </span>
                      </div>
                      <div
                        className="errorMessage"
                      >
                        <span>
                          Failed!
                        </span>
                      </div>
                    </div>
                    <button
                      aria-label="Copy text"
                      className="copyButton"
                      onClick={[Function]}
                      type="button"
                    >
                      <svg
                        className="copyIcon"
                        height="1em"
                        viewBox="0 0 24 24"
                        width="1em"
                        xmlns="http://www.w3.org/2000/svg"
                      >
                        <g
                          fill="none"
                          stroke="currentColor"
                          strokeLinecap="round"
                          strokeLinejoin="round"
                          strokeWidth={2}
                        >
                          <path
                            d="M7 9.667A2.667 2.667 0 0 1 9.667 7h8.666A2.667 2.667 0 0 1 21 9.667v8.666A2.667 2.667 0 0 1 18.333 21H9.667A2.667 2.667 0 0 1 7 18.333z"
                          />
                          <path
                            d="M4.012 16.737A2 2 0 0 1 3 15V5c0-1.1.9-2 2-2h10c.75 0 1.158.385 1.5 1"
                          />
                        </g>
                      </svg>
                    </button>
                  </div>
                </div>
              </div>
            </td>
            <td>
              <p>
                Run 
                <a
                  href="https://www.npmjs.com/package/webpack-bundle-analyzer"
                  rel="noreferrer"
                  target="_blank"
                >
                  webpack-bundle-analyzer
                </a>
                 against a 
                <span
                  className="highlight"
                >
                  stats.json
                </span>
                 in the root directory
              </p>
            </td>
          </tr>
          <tr>
            <td>
              <div
                className="script"
              >
                <span
                  className="highlight"
                >
                  analyze:dev
                </span>
                <div
                  className="copyPosition copyButton"
                >
                  <div
                    className="copyContainer"
                  >
                    <div
                      className="message"
                    >
                      <div
                        className="successMessage"
                      >
                        <span>
                          Copied!
                        </span>
                      </div>
                      <div
                        className="errorMessage"
                      >
                        <span>
                          Failed!
                        </span>
                      </div>
                    </div>
                    <button
                      aria-label="Copy text"
                      className="copyButton"
                      onClick={[Function]}
                      type="button"
                    >
                      <svg
                        className="copyIcon"
                        height="1em"
                        viewBox="0 0 24 24"
                        width="1em"
                        xmlns="http://www.w3.org/2000/svg"
                      >
                        <g
                          fill="none"
                          stroke="currentColor"
                          strokeLinecap="round"
                          strokeLinejoin="round"
                          strokeWidth={2}
                        >
                          <path
                            d="M7 9.667A2.667 2.667 0 0 1 9.667 7h8.666A2.667 2.667 0 0 1 21 9.667v8.666A2.667 2.667 0 0 1 18.333 21H9.667A2.667 2.667 0 0 1 7 18.333z"
                          />
                          <path
                            d="M4.012 16.737A2 2 0 0 1 3 15V5c0-1.1.9-2 2-2h10c.75 0 1.158.385 1.5 1"
                          />
                        </g>
                      </svg>
                    </button>
                  </div>
                </div>
              </div>
            </td>
            <td>
              <p>
                Build dev assets and run 
                <a
                  href="https://www.npmjs.com/package/webpack-bundle-analyzer"
                  rel="noreferrer"
                  target="_blank"
                >
                  webpack-bundle-analyzer
                </a>
                 against the generated asssets
              </p>
            </td>
          </tr>
          <tr>
            <td>
              <div
                className="script"
              >
                <span
                  className="highlight"
                >
                  analyze:prod
                </span>
                <div
                  className="copyPosition copyButton"
                >
                  <div
                    className="copyContainer"
                  >
                    <div
                      className="message"
                    >
                      <div
                        className="successMessage"
                      >
                        <span>
                          Copied!
                        </span>
                      </div>
                      <div
                        className="errorMessage"
                      >
                        <span>
                          Failed!
                        </span>
                      </div>
                    </div>
                    <button
                      aria-label="Copy text"
                      className="copyButton"
                      onClick={[Function]}
                      type="button"
                    >
                      <svg
                        className="copyIcon"
                        height="1em"
                        viewBox="0 0 24 24"
                        width="1em"
                        xmlns="http://www.w3.org/2000/svg"
                      >
                        <g
                          fill="none"
                          stroke="currentColor"
                          strokeLinecap="round"
                          strokeLinejoin="round"
                          strokeWidth={2}
                        >
                          <path
                            d="M7 9.667A2.667 2.667 0 0 1 9.667 7h8.666A2.667 2.667 0 0 1 21 9.667v8.666A2.667 2.667 0 0 1 18.333 21H9.667A2.667 2.667 0 0 1 7 18.333z"
                          />
                          <path
                            d="M4.012 16.737A2 2 0 0 1 3 15V5c0-1.1.9-2 2-2h10c.75 0 1.158.385 1.5 1"
                          />
                        </g>
                      </svg>
                    </button>
                  </div>
                </div>
              </div>
            </td>
            <td>
              <p>
                Build prod assets and run 
                <a
                  href="https://www.npmjs.com/package/webpack-bundle-analyzer"
                  rel="noreferrer"
                  target="_blank"
                >
                  webpack-bundle-analyzer
                </a>
                 against the generated asssets
              </p>
            </td>
          </tr>
          <tr>
            <td>
              <div
                className="script"
              >
                <span
                  className="highlight"
                >
                  build:dev
                </span>
                <div
                  className="copyPosition copyButton"
                >
                  <div
                    className="copyContainer"
                  >
                    <div
                      className="message"
                    >
                      <div
                        className="successMessage"
                      >
                        <span>
                          Copied!
                        </span>
                      </div>
                      <div
                        className="errorMessage"
                      >
                        <span>
                          Failed!
                        </span>
                      </div>
                    </div>
                    <button
                      aria-label="Copy text"
                      className="copyButton"
                      onClick={[Function]}
                      type="button"
                    >
                      <svg
                        className="copyIcon"
                        height="1em"
                        viewBox="0 0 24 24"
                        width="1em"
                        xmlns="http://www.w3.org/2000/svg"
                      >
                        <g
                          fill="none"
                          stroke="currentColor"
                          strokeLinecap="round"
                          strokeLinejoin="round"
                          strokeWidth={2}
                        >
                          <path
                            d="M7 9.667A2.667 2.667 0 0 1 9.667 7h8.666A2.667 2.667 0 0 1 21 9.667v8.666A2.667 2.667 0 0 1 18.333 21H9.667A2.667 2.667 0 0 1 7 18.333z"
                          />
                          <path
                            d="M4.012 16.737A2 2 0 0 1 3 15V5c0-1.1.9-2 2-2h10c.75 0 1.158.385 1.5 1"
                          />
                        </g>
                      </svg>
                    </button>
                  </div>
                </div>
              </div>
            </td>
            <td>
              <p>
                Build dev assets and generate 
                <span
                  className="highlight"
                >
                  stats.json
                </span>
              </p>
            </td>
          </tr>
          <tr>
            <td>
              <div
                className="script"
              >
                <span
                  className="highlight"
                >
                  build:dist
                </span>
                <div
                  className="copyPosition copyButton"
                >
                  <div
                    className="copyContainer"
                  >
                    <div
                      className="message"
                    >
                      <div
                        className="successMessage"
                      >
                        <span>
                          Copied!
                        </span>
                      </div>
                      <div
                        className="errorMessage"
                      >
                        <span>
                          Failed!
                        </span>
                      </div>
                    </div>
                    <button
                      aria-label="Copy text"
                      className="copyButton"
                      onClick={[Function]}
                      type="button"
                    >
                      <svg
                        className="copyIcon"
                        height="1em"
                        viewBox="0 0 24 24"
                        width="1em"
                        xmlns="http://www.w3.org/2000/svg"
                      >
                        <g
                          fill="none"
                          stroke="currentColor"
                          strokeLinecap="round"
                          strokeLinejoin="round"
                          strokeWidth={2}
                        >
                          <path
                            d="M7 9.667A2.667 2.667 0 0 1 9.667 7h8.666A2.667 2.667 0 0 1 21 9.667v8.666A2.667 2.667 0 0 1 18.333 21H9.667A2.667 2.667 0 0 1 7 18.333z"
                          />
                          <path
                            d="M4.012 16.737A2 2 0 0 1 3 15V5c0-1.1.9-2 2-2h10c.75 0 1.158.385 1.5 1"
                          />
                        </g>
                      </svg>
                    </button>
                  </div>
                </div>
              </div>
            </td>
            <td>
              <p>
                Create a 
                <span
                  className="highlight"
                >
                  dist/
                </span>
                 directory in the project root
              </p>
            </td>
          </tr>
          <tr>
            <td>
              <div
                className="script"
              >
                <span
                  className="highlight"
                >
                  build:prod
                </span>
                <div
                  className="copyPosition copyButton"
                >
                  <div
                    className="copyContainer"
                  >
                    <div
                      className="message"
                    >
                      <div
                        className="successMessage"
                      >
                        <span>
                          Copied!
                        </span>
                      </div>
                      <div
                        className="errorMessage"
                      >
                        <span>
                          Failed!
                        </span>
                      </div>
                    </div>
                    <button
                      aria-label="Copy text"
                      className="copyButton"
                      onClick={[Function]}
                      type="button"
                    >
                      <svg
                        className="copyIcon"
                        height="1em"
                        viewBox="0 0 24 24"
                        width="1em"
                        xmlns="http://www.w3.org/2000/svg"
                      >
                        <g
                          fill="none"
                          stroke="currentColor"
                          strokeLinecap="round"
                          strokeLinejoin="round"
                          strokeWidth={2}
                        >
                          <path
                            d="M7 9.667A2.667 2.667 0 0 1 9.667 7h8.666A2.667 2.667 0 0 1 21 9.667v8.666A2.667 2.667 0 0 1 18.333 21H9.667A2.667 2.667 0 0 1 7 18.333z"
                          />
                          <path
                            d="M4.012 16.737A2 2 0 0 1 3 15V5c0-1.1.9-2 2-2h10c.75 0 1.158.385 1.5 1"
                          />
                        </g>
                      </svg>
                    </button>
                  </div>
                </div>
              </div>
            </td>
            <td>
              <p>
                Build prod assets and generate 
                <span
                  className="highlight"
                >
                  stats.json
                </span>
              </p>
            </td>
          </tr>
          <tr>
            <td>
              <div
                className="script"
              >
                <span
                  className="highlight"
                >
                  build:static
                </span>
                <div
                  className="copyPosition copyButton"
                >
                  <div
                    className="copyContainer"
                  >
                    <div
                      className="message"
                    >
                      <div
                        className="successMessage"
                      >
                        <span>
                          Copied!
                        </span>
                      </div>
                      <div
                        className="errorMessage"
                      >
                        <span>
                          Failed!
                        </span>
                      </div>
                    </div>
                    <button
                      aria-label="Copy text"
                      className="copyButton"
                      onClick={[Function]}
                      type="button"
                    >
                      <svg
                        className="copyIcon"
                        height="1em"
                        viewBox="0 0 24 24"
                        width="1em"
                        xmlns="http://www.w3.org/2000/svg"
                      >
                        <g
                          fill="none"
                          stroke="currentColor"
                          strokeLinecap="round"
                          strokeLinejoin="round"
                          strokeWidth={2}
                        >
                          <path
                            d="M7 9.667A2.667 2.667 0 0 1 9.667 7h8.666A2.667 2.667 0 0 1 21 9.667v8.666A2.667 2.667 0 0 1 18.333 21H9.667A2.667 2.667 0 0 1 7 18.333z"
                          />
                          <path
                            d="M4.012 16.737A2 2 0 0 1 3 15V5c0-1.1.9-2 2-2h10c.75 0 1.158.385 1.5 1"
                          />
                        </g>
                      </svg>
                    </button>
                  </div>
                </div>
              </div>
            </td>
            <td>
              <p>
                Copy the 
                <span
                  className="highlight"
                >
                  static/
                </span>
                 directory ino the project root into 
                <span
                  className="highlight"
                >
                  dist/
                </span>
              </p>
            </td>
          </tr>
          <tr>
            <td>
              <div
                className="script"
              >
                <span
                  className="highlight"
                >
                  clean
                </span>
                <div
                  className="copyPosition copyButton"
                >
                  <div
                    className="copyContainer"
                  >
                    <div
                      className="message"
                    >
                      <div
                        className="successMessage"
                      >
                        <span>
                          Copied!
                        </span>
                      </div>
                      <div
                        className="errorMessage"
                      >
                        <span>
                          Failed!
                        </span>
                      </div>
                    </div>
                    <button
                      aria-label="Copy text"
                      className="copyButton"
                      onClick={[Function]}
                      type="button"
                    >
                      <svg
                        className="copyIcon"
                        height="1em"
                        viewBox="0 0 24 24"
                        width="1em"
                        xmlns="http://www.w3.org/2000/svg"
                      >
                        <g
                          fill="none"
                          stroke="currentColor"
                          strokeLinecap="round"
                          strokeLinejoin="round"
                          strokeWidth={2}
                        >
                          <path
                            d="M7 9.667A2.667 2.667 0 0 1 9.667 7h8.666A2.667 2.667 0 0 1 21 9.667v8.666A2.667 2.667 0 0 1 18.333 21H9.667A2.667 2.667 0 0 1 7 18.333z"
                          />
                          <path
                            d="M4.012 16.737A2 2 0 0 1 3 15V5c0-1.1.9-2 2-2h10c.75 0 1.158.385 1.5 1"
                          />
                        </g>
                      </svg>
                    </button>
                  </div>
                </div>
              </div>
            </td>
            <td>
              <p>
                Remove 
                <span
                  className="highlight"
                >
                  stats.json
                </span>
                 and 
                <span
                  className="highlight"
                >
                  dist/
                </span>
                 directory
              </p>
            </td>
          </tr>
          <tr>
            <td>
              <div
                className="script"
              >
                <span
                  className="highlight"
                >
                  dev
                </span>
                <div
                  className="copyPosition copyButton"
                >
                  <div
                    className="copyContainer"
                  >
                    <div
                      className="message"
                    >
                      <div
                        className="successMessage"
                      >
                        <span>
                          Copied!
                        </span>
                      </div>
                      <div
                        className="errorMessage"
                      >
                        <span>
                          Failed!
                        </span>
                      </div>
                    </div>
                    <button
                      aria-label="Copy text"
                      className="copyButton"
                      onClick={[Function]}
                      type="button"
                    >
                      <svg
                        className="copyIcon"
                        height="1em"
                        viewBox="0 0 24 24"
                        width="1em"
                        xmlns="http://www.w3.org/2000/svg"
                      >
                        <g
                          fill="none"
                          stroke="currentColor"
                          strokeLinecap="round"
                          strokeLinejoin="round"
                          strokeWidth={2}
                        >
                          <path
                            d="M7 9.667A2.667 2.667 0 0 1 9.667 7h8.666A2.667 2.667 0 0 1 21 9.667v8.666A2.667 2.667 0 0 1 18.333 21H9.667A2.667 2.667 0 0 1 7 18.333z"
                          />
                          <path
                            d="M4.012 16.737A2 2 0 0 1 3 15V5c0-1.1.9-2 2-2h10c.75 0 1.158.385 1.5 1"
                          />
                        </g>
                      </svg>
                    </button>
                  </div>
                </div>
              </div>
            </td>
            <td>
              <p>
                Build dev assets and run the webserver, running server logs through 
                <a
                  href="https://github.com/pinojs/pino-pretty"
                  rel="noreferrer"
                  target="_blank"
                >
                  pino-pretty
                </a>
                 for development purposes
              </p>
            </td>
          </tr>
          <tr>
            <td>
              <div
                className="script"
              >
                <span
                  className="highlight"
                >
                  lint
                </span>
                <div
                  className="copyPosition copyButton"
                >
                  <div
                    className="copyContainer"
                  >
                    <div
                      className="message"
                    >
                      <div
                        className="successMessage"
                      >
                        <span>
                          Copied!
                        </span>
                      </div>
                      <div
                        className="errorMessage"
                      >
                        <span>
                          Failed!
                        </span>
                      </div>
                    </div>
                    <button
                      aria-label="Copy text"
                      className="copyButton"
                      onClick={[Function]}
                      type="button"
                    >
                      <svg
                        className="copyIcon"
                        height="1em"
                        viewBox="0 0 24 24"
                        width="1em"
                        xmlns="http://www.w3.org/2000/svg"
                      >
                        <g
                          fill="none"
                          stroke="currentColor"
                          strokeLinecap="round"
                          strokeLinejoin="round"
                          strokeWidth={2}
                        >
                          <path
                            d="M7 9.667A2.667 2.667 0 0 1 9.667 7h8.666A2.667 2.667 0 0 1 21 9.667v8.666A2.667 2.667 0 0 1 18.333 21H9.667A2.667 2.667 0 0 1 7 18.333z"
                          />
                          <path
                            d="M4.012 16.737A2 2 0 0 1 3 15V5c0-1.1.9-2 2-2h10c.75 0 1.158.385 1.5 1"
                          />
                        </g>
                      </svg>
                    </button>
                  </div>
                </div>
              </div>
            </td>
            <td>
              <p>
                Run 
                <a
                  href="https://eslint.org/"
                  rel="noreferrer"
                  target="_blank"
                >
                  ESLint
                </a>
              </p>
            </td>
          </tr>
          <tr>
            <td>
              <div
                className="script"
              >
                <span
                  className="highlight"
                >
                  prod
                </span>
                <div
                  className="copyPosition copyButton"
                >
                  <div
                    className="copyContainer"
                  >
                    <div
                      className="message"
                    >
                      <div
                        className="successMessage"
                      >
                        <span>
                          Copied!
                        </span>
                      </div>
                      <div
                        className="errorMessage"
                      >
                        <span>
                          Failed!
                        </span>
                      </div>
                    </div>
                    <button
                      aria-label="Copy text"
                      className="copyButton"
                      onClick={[Function]}
                      type="button"
                    >
                      <svg
                        className="copyIcon"
                        height="1em"
                        viewBox="0 0 24 24"
                        width="1em"
                        xmlns="http://www.w3.org/2000/svg"
                      >
                        <g
                          fill="none"
                          stroke="currentColor"
                          strokeLinecap="round"
                          strokeLinejoin="round"
                          strokeWidth={2}
                        >
                          <path
                            d="M7 9.667A2.667 2.667 0 0 1 9.667 7h8.666A2.667 2.667 0 0 1 21 9.667v8.666A2.667 2.667 0 0 1 18.333 21H9.667A2.667 2.667 0 0 1 7 18.333z"
                          />
                          <path
                            d="M4.012 16.737A2 2 0 0 1 3 15V5c0-1.1.9-2 2-2h10c.75 0 1.158.385 1.5 1"
                          />
                        </g>
                      </svg>
                    </button>
                  </div>
                </div>
              </div>
            </td>
            <td>
              <p>
                Build prod assets and run the webserver, running server logs through 
                <a
                  href="https://github.com/pinojs/pino-pretty"
                  rel="noreferrer"
                  target="_blank"
                >
                  pino-pretty
                </a>
                 for development purposes
              </p>
            </td>
          </tr>
          <tr>
            <td>
              <div
                className="script"
              >
                <span
                  className="highlight"
                >
                  run
                </span>
                <div
                  className="copyPosition copyButton"
                >
                  <div
                    className="copyContainer"
                  >
                    <div
                      className="message"
                    >
                      <div
                        className="successMessage"
                      >
                        <span>
                          Copied!
                        </span>
                      </div>
                      <div
                        className="errorMessage"
                      >
                        <span>
                          Failed!
                        </span>
                      </div>
                    </div>
                    <button
                      aria-label="Copy text"
                      className="copyButton"
                      onClick={[Function]}
                      type="button"
                    >
                      <svg
                        className="copyIcon"
                        height="1em"
                        viewBox="0 0 24 24"
                        width="1em"
                        xmlns="http://www.w3.org/2000/svg"
                      >
                        <g
                          fill="none"
                          stroke="currentColor"
                          strokeLinecap="round"
                          strokeLinejoin="round"
                          strokeWidth={2}
                        >
                          <path
                            d="M7 9.667A2.667 2.667 0 0 1 9.667 7h8.666A2.667 2.667 0 0 1 21 9.667v8.666A2.667 2.667 0 0 1 18.333 21H9.667A2.667 2.667 0 0 1 7 18.333z"
                          />
                          <path
                            d="M4.012 16.737A2 2 0 0 1 3 15V5c0-1.1.9-2 2-2h10c.75 0 1.158.385 1.5 1"
                          />
                        </g>
                      </svg>
                    </button>
                  </div>
                </div>
              </div>
            </td>
            <td>
              <p>
                Run 
                <span
                  className="highlight"
                >
                  dist/index.js
                </span>
              </p>
            </td>
          </tr>
          <tr>
            <td>
              <div
                className="script"
              >
                <span
                  className="highlight"
                >
                  start
                </span>
                <div
                  className="copyPosition copyButton"
                >
                  <div
                    className="copyContainer"
                  >
                    <div
                      className="message"
                    >
                      <div
                        className="successMessage"
                      >
                        <span>
                          Copied!
                        </span>
                      </div>
                      <div
                        className="errorMessage"
                      >
                        <span>
                          Failed!
                        </span>
                      </div>
                    </div>
                    <button
                      aria-label="Copy text"
                      className="copyButton"
                      onClick={[Function]}
                      type="button"
                    >
                      <svg
                        className="copyIcon"
                        height="1em"
                        viewBox="0 0 24 24"
                        width="1em"
                        xmlns="http://www.w3.org/2000/svg"
                      >
                        <g
                          fill="none"
                          stroke="currentColor"
                          strokeLinecap="round"
                          strokeLinejoin="round"
                          strokeWidth={2}
                        >
                          <path
                            d="M7 9.667A2.667 2.667 0 0 1 9.667 7h8.666A2.667 2.667 0 0 1 21 9.667v8.666A2.667 2.667 0 0 1 18.333 21H9.667A2.667 2.667 0 0 1 7 18.333z"
                          />
                          <path
                            d="M4.012 16.737A2 2 0 0 1 3 15V5c0-1.1.9-2 2-2h10c.75 0 1.158.385 1.5 1"
                          />
                        </g>
                      </svg>
                    </button>
                  </div>
                </div>
              </div>
            </td>
            <td>
              <p>
                Build prod assets and run the webserver, 
                    intended to be used in production environments
              </p>
            </td>
          </tr>
          <tr>
            <td>
              <div
                className="script"
              >
                <span
                  className="highlight"
                >
                  test
                </span>
                <div
                  className="copyPosition copyButton"
                >
                  <div
                    className="copyContainer"
                  >
                    <div
                      className="message"
                    >
                      <div
                        className="successMessage"
                      >
                        <span>
                          Copied!
                        </span>
                      </div>
                      <div
                        className="errorMessage"
                      >
                        <span>
                          Failed!
                        </span>
                      </div>
                    </div>
                    <button
                      aria-label="Copy text"
                      className="copyButton"
                      onClick={[Function]}
                      type="button"
                    >
                      <svg
                        className="copyIcon"
                        height="1em"
                        viewBox="0 0 24 24"
                        width="1em"
                        xmlns="http://www.w3.org/2000/svg"
                      >
                        <g
                          fill="none"
                          stroke="currentColor"
                          strokeLinecap="round"
                          strokeLinejoin="round"
                          strokeWidth={2}
                        >
                          <path
                            d="M7 9.667A2.667 2.667 0 0 1 9.667 7h8.666A2.667 2.667 0 0 1 21 9.667v8.666A2.667 2.667 0 0 1 18.333 21H9.667A2.667 2.667 0 0 1 7 18.333z"
                          />
                          <path
                            d="M4.012 16.737A2 2 0 0 1 3 15V5c0-1.1.9-2 2-2h10c.75 0 1.158.385 1.5 1"
                          />
                        </g>
                      </svg>
                    </button>
                  </div>
                </div>
              </div>
            </td>
            <td>
              <p>
                Build prod assets and run the webserver, 
                    intended to be used in production environments
              </p>
            </td>
          </tr>
          <tr>
            <td>
              <div
                className="script"
              >
                <span
                  className="highlight"
                >
                  test:snapshot
                </span>
                <div
                  className="copyPosition copyButton"
                >
                  <div
                    className="copyContainer"
                  >
                    <div
                      className="message"
                    >
                      <div
                        className="successMessage"
                      >
                        <span>
                          Copied!
                        </span>
                      </div>
                      <div
                        className="errorMessage"
                      >
                        <span>
                          Failed!
                        </span>
                      </div>
                    </div>
                    <button
                      aria-label="Copy text"
                      className="copyButton"
                      onClick={[Function]}
                      type="button"
                    >
                      <svg
                        className="copyIcon"
                        height="1em"
                        viewBox="0 0 24 24"
                        width="1em"
                        xmlns="http://www.w3.org/2000/svg"
                      >
                        <g
                          fill="none"
                          stroke="currentColor"
                          strokeLinecap="round"
                          strokeLinejoin="round"
                          strokeWidth={2}
                        >
                          <path
                            d="M7 9.667A2.667 2.667 0 0 1 9.667 7h8.666A2.667 2.667 0 0 1 21 9.667v8.666A2.667 2.667 0 0 1 18.333 21H9.667A2.667 2.667 0 0 1 7 18.333z"
                          />
                          <path
                            d="M4.012 16.737A2 2 0 0 1 3 15V5c0-1.1.9-2 2-2h10c.75 0 1.158.385 1.5 1"
                          />
                        </g>
                      </svg>
                    </button>
                  </div>
                </div>
              </div>
            </td>
            <td>
              <p>
                Update snapshots with 
                <a
                  href="https://github.com/pinojs/pino-pretty"
                  rel="noreferrer"
                  target="_blank"
                >
                  Jest
                </a>
                , can be used in lieu of 
                <span
                  className="highlight"
                >
                  npm run test -- -u
                </span>
              </p>
            </td>
          </tr>
          <tr>
            <td>
              <div
                className="script"
              >
                <span
                  className="highlight"
                >
                  watch
                </span>
                <div
                  className="copyPosition copyButton"
                >
                  <div
                    className="copyContainer"
                  >
                    <div
                      className="message"
                    >
                      <div
                        className="successMessage"
                      >
                        <span>
                          Copied!
                        </span>
                      </div>
                      <div
                        className="errorMessage"
                      >
                        <span>
                          Failed!
                        </span>
                      </div>
                    </div>
                    <button
                      aria-label="Copy text"
                      className="copyButton"
                      onClick={[Function]}
                      type="button"
                    >
                      <svg
                        className="copyIcon"
                        height="1em"
                        viewBox="0 0 24 24"
                        width="1em"
                        xmlns="http://www.w3.org/2000/svg"
                      >
                        <g
                          fill="none"
                          stroke="currentColor"
                          strokeLinecap="round"
                          strokeLinejoin="round"
                          strokeWidth={2}
                        >
                          <path
                            d="M7 9.667A2.667 2.667 0 0 1 9.667 7h8.666A2.667 2.667 0 0 1 21 9.667v8.666A2.667 2.667 0 0 1 18.333 21H9.667A2.667 2.667 0 0 1 7 18.333z"
                          />
                          <path
                            d="M4.012 16.737A2 2 0 0 1 3 15V5c0-1.1.9-2 2-2h10c.75 0 1.158.385 1.5 1"
                          />
                        </g>
                      </svg>
                    </button>
                  </div>
                </div>
              </div>
            </td>
            <td>
              <p>
                Run the watch server, will restart the server on every file change
              </p>
            </td>
          </tr>
        </tbody>
      </table>
    </article>
  </section>
</div>
`;
