// Jest Snapshot v1, https://goo.gl/fbAQLP

exports[`Documentation Page Component matches snapshot 1`] = `
<div
  className="contentBlock"
>
  <section
    className="headingBlock"
  >
    <div
      className="container"
    >
      <div
        className="wrapper"
      >
        <h1
          className="tag"
        >
          Developer Documentation
        </h1>
      </div>
    </div>
    <article>
      <p>
        Documentation is also provided in the 
        <a
          href="https://github.com/chichiwang/tamsui"
          rel="noreferrer"
          target="_blank"
        >
          Github repository
        </a>
         in the directory 
        <a
          href="https://github.com/chichiwang/tamsui/blob/main/docs/README.md"
          rel="noreferrer"
          target="_blank"
        >
          /docs/README.md
        </a>
        .
      </p>
    </article>
  </section>
  <section
    className="headingBlock"
  >
    <div
      className="container"
    >
      <div
        className="wrapper"
      >
        <h2
          className="tag"
        >
          Contents
        </h2>
      </div>
    </div>
    <article>
      <a
        href="#Starting-a-Project"
      >
        Starting a Project
      </a>
    </article>
  </section>
  <section
    className="headingBlock"
  >
    <div
      className="container"
      onMouseEnter={[Function]}
      onMouseLeave={[Function]}
    >
      <div
        className="wrapper"
      >
        <h2
          className="tag"
          id="Starting-a-Project"
        >
          Starting a Project
        </h2>
        <a
          aria-labelledby="Starting-a-Project"
          className="link"
          href="#Starting-a-Project"
        >
          <svg
            height="1.75rem"
            viewBox="0 0 24 24"
            width="1.75rem"
            xmlns="http://www.w3.org/2000/svg"
          >
            <g
              fill="none"
              stroke="currentColor"
              strokeLinecap="round"
              strokeLinejoin="round"
              strokeWidth={2.5}
            >
              <path
                d="M14 11.998C14 9.506 11.683 7 8.857 7H7.143C4.303 7 2 9.238 2 11.998c0 2.378 1.71 4.368 4 4.873a5.3 5.3 0 0 0 1.143.124"
              />
              <path
                d="M10 11.998c0 2.491 2.317 4.997 5.143 4.997h1.714c2.84 0 5.143-2.237 5.143-4.997c0-2.379-1.71-4.37-4-4.874A5.3 5.3 0 0 0 16.857 7"
              />
            </g>
          </svg>
        </a>
      </div>
    </div>
    <article>
      <label
        className="checklistItem"
      >
        <input
          checked={false}
          className="checkboxInput"
          onChange={[Function]}
          type="checkbox"
        />
        <div
          className="checkboxContainer"
        >
          <div
            className="checkbox"
          >
            <div
              className="top"
            >
              <div
                className="back"
              />
              <div
                className="front"
              />
            </div>
            <div
              className="bottom"
            >
              <div
                className="back"
              />
              <div
                className="front"
              />
            </div>
          </div>
        </div>
        <span
          className="labelContent"
        >
          Clone the 
          <a
            href="https://github.com/chichiwang/tamsui"
            rel="noreferrer"
            target="_blank"
          >
            repository
          </a>
          .
        </span>
      </label>
      <label
        className="checklistItem"
      >
        <input
          checked={false}
          className="checkboxInput"
          onChange={[Function]}
          type="checkbox"
        />
        <div
          className="checkboxContainer"
        >
          <div
            className="checkbox"
          >
            <div
              className="top"
            >
              <div
                className="back"
              />
              <div
                className="front"
              />
            </div>
            <div
              className="bottom"
            >
              <div
                className="back"
              />
              <div
                className="front"
              />
            </div>
          </div>
        </div>
        <span
          className="labelContent"
        >
          Rename the project directory.
        </span>
      </label>
      <label
        className="checklistItem"
      >
        <input
          checked={false}
          className="checkboxInput"
          onChange={[Function]}
          type="checkbox"
        />
        <div
          className="checkboxContainer"
        >
          <div
            className="checkbox"
          >
            <div
              className="top"
            >
              <div
                className="back"
              />
              <div
                className="front"
              />
            </div>
            <div
              className="bottom"
            >
              <div
                className="back"
              />
              <div
                className="front"
              />
            </div>
          </div>
        </div>
        <span
          className="labelContent"
        >
          Update the 
          <span
            className="highlight"
          >
            package.json
          </span>
           file.
        </span>
      </label>
      <label
        className="checklistItem indent checklist"
      >
        <input
          checked={false}
          className="checkboxInput"
          onChange={[Function]}
          type="checkbox"
        />
        <div
          className="checkboxContainer"
        >
          <div
            className="checkbox"
          >
            <div
              className="top"
            >
              <div
                className="back"
              />
              <div
                className="front"
              />
            </div>
            <div
              className="bottom"
            >
              <div
                className="back"
              />
              <div
                className="front"
              />
            </div>
          </div>
        </div>
        <span
          className="labelContent"
        >
          Update the 
          <span
            className="highlight"
          >
            name
          </span>
           field.
        </span>
      </label>
      <label
        className="checklistItem indent checklist"
      >
        <input
          checked={false}
          className="checkboxInput"
          onChange={[Function]}
          type="checkbox"
        />
        <div
          className="checkboxContainer"
        >
          <div
            className="checkbox"
          >
            <div
              className="top"
            >
              <div
                className="back"
              />
              <div
                className="front"
              />
            </div>
            <div
              className="bottom"
            >
              <div
                className="back"
              />
              <div
                className="front"
              />
            </div>
          </div>
        </div>
        <span
          className="labelContent"
        >
          Update the 
          <span
            className="highlight"
          >
            repository/url
          </span>
           field.
        </span>
      </label>
      <label
        className="checklistItem indent checklist"
      >
        <input
          checked={false}
          className="checkboxInput"
          onChange={[Function]}
          type="checkbox"
        />
        <div
          className="checkboxContainer"
        >
          <div
            className="checkbox"
          >
            <div
              className="top"
            >
              <div
                className="back"
              />
              <div
                className="front"
              />
            </div>
            <div
              className="bottom"
            >
              <div
                className="back"
              />
              <div
                className="front"
              />
            </div>
          </div>
        </div>
        <span
          className="labelContent"
        >
          Update the 
          <span
            className="highlight"
          >
            bugs/url
          </span>
           field.
        </span>
      </label>
      <label
        className="checklistItem indent checklist"
      >
        <input
          checked={false}
          className="checkboxInput"
          onChange={[Function]}
          type="checkbox"
        />
        <div
          className="checkboxContainer"
        >
          <div
            className="checkbox"
          >
            <div
              className="top"
            >
              <div
                className="back"
              />
              <div
                className="front"
              />
            </div>
            <div
              className="bottom"
            >
              <div
                className="back"
              />
              <div
                className="front"
              />
            </div>
          </div>
        </div>
        <span
          className="labelContent"
        >
          Update the 
          <span
            className="highlight"
          >
            homepage
          </span>
           field.
        </span>
      </label>
      <label
        className="checklistItem"
      >
        <input
          checked={false}
          className="checkboxInput"
          onChange={[Function]}
          type="checkbox"
        />
        <div
          className="checkboxContainer"
        >
          <div
            className="checkbox"
          >
            <div
              className="top"
            >
              <div
                className="back"
              />
              <div
                className="front"
              />
            </div>
            <div
              className="bottom"
            >
              <div
                className="back"
              />
              <div
                className="front"
              />
            </div>
          </div>
        </div>
        <span
          className="labelContent"
        >
          <a
            href="https://docs.github.com/en/get-started/getting-started-with-git/managing-remote-repositories#changing-a-remote-repositorys-url"
            rel="noreferrer"
            target="_blank"
          >
            Reset the git remote
          </a>
           to your new project repository.
        </span>
      </label>
      <label
        className="checklistItem"
      >
        <input
          checked={false}
          className="checkboxInput"
          onChange={[Function]}
          type="checkbox"
        />
        <div
          className="checkboxContainer"
        >
          <div
            className="checkbox"
          >
            <div
              className="top"
            >
              <div
                className="back"
              />
              <div
                className="front"
              />
            </div>
            <div
              className="bottom"
            >
              <div
                className="back"
              />
              <div
                className="front"
              />
            </div>
          </div>
        </div>
        <span
          className="labelContent"
        >
          If using 
          <a
            href="https://github.com/nvm-sh/nvm"
            rel="noreferrer"
            target="_blank"
          >
            nvm
          </a>
          , run 
          <span
            className="highlight"
          >
            nvm use
          </span>
          .
        </span>
      </label>
      <label
        className="checklistItem indent checklist"
      >
        <input
          checked={false}
          className="checkboxInput"
          onChange={[Function]}
          type="checkbox"
        />
        <div
          className="checkboxContainer"
        >
          <div
            className="checkbox"
          >
            <div
              className="top"
            >
              <div
                className="back"
              />
              <div
                className="front"
              />
            </div>
            <div
              className="bottom"
            >
              <div
                className="back"
              />
              <div
                className="front"
              />
            </div>
          </div>
        </div>
        <span
          className="labelContent"
        >
          Otherwise, note the contents of 
          <span
            className="highlight"
          >
            .nvmrc
          </span>
           to see the version of 
          <a
            href="https://nodejs.org/"
            rel="noreferrer"
            target="_blank"
          >
            Node.js
          </a>
           this project is built on.
        </span>
      </label>
      <label
        className="checklistItem"
      >
        <input
          checked={false}
          className="checkboxInput"
          onChange={[Function]}
          type="checkbox"
        />
        <div
          className="checkboxContainer"
        >
          <div
            className="checkbox"
          >
            <div
              className="top"
            >
              <div
                className="back"
              />
              <div
                className="front"
              />
            </div>
            <div
              className="bottom"
            >
              <div
                className="back"
              />
              <div
                className="front"
              />
            </div>
          </div>
        </div>
        <span
          className="labelContent"
        >
          Run 
          <span
            className="highlight"
          >
            npm install
          </span>
          .
        </span>
      </label>
    </article>
  </section>
</div>
`;
