// Jest Snapshot v1, https://goo.gl/fbAQLP

exports[`Documentation Page Component matches snapshot 1`] = `
<div
  className="contentBlock"
>
  <h1>
    Developer Documentation
  </h1>
  <label
    className="checklistItem"
  >
    <input
      checked={false}
      className="checkboxInput"
      onChange={[Function]}
      type="checkbox"
    />
    <div
      className="checkboxContainer"
    >
      <div
        className="checkbox"
      >
        <div
          className="top"
        >
          <div
            className="back"
          />
          <div
            className="front"
          />
        </div>
        <div
          className="bottom"
        >
          <div
            className="back"
          />
          <div
            className="front"
          />
        </div>
      </div>
    </div>
    <span
      className="labelContent"
    >
      Work in Progress
    </span>
  </label>
</div>
`;
